// Jest Snapshot v1, https://goo.gl/fbAQLP

exports[`App matches snapshot 1`] = `
<div>
  <div
    class="pt-24"
  >
    <div
      class="fixed top-0 inset-x-0 bg-transparent h-24 flex justify-between p-6 text-xl"
    >
      <div
        class="font-bold"
      >
        logfish
      </div>
      <div
        class="flex"
      >
        <div
          class="font-semibold text-gray-500 hover:text-blue-600 cursor-pointer mr-3"
        >
          about
        </div>
        <div
          class="font-semibold text-gray-500 hover:text-blue-600 cursor-pointer"
        >
          support
        </div>
      </div>
    </div>
    <div
      class="w-full flex"
    >
      <div
        class="px-6"
      >
        <h3
          class="text-gray-600 font-semibold text-xl mb-6"
        >
          How's it work?
        </h3>
        <ul>
          <li>
            1. Download the npm package.
          </li>
          <li>
            <div
              class="bg-gray-200 rounded-md border-gray-300 border p-2 inline-block"
            >
              <code>
                $ npm install logfish
              </code>
            </div>
          </li>
          <li>
            2. Create a logfish object.
          </li>
          <li>
            <div
              class="bg-gray-200 rounded-md border-gray-300 border p-2 inline-block"
            >
              <code>
                const lf = require('logfish').default;
                <br />
                // or 
                <br />
                import lf from 'logfish';
              </code>
            </div>
          </li>
          <li>
            3. Copy your API key.
          </li>
          <li>
            4. Log!
          </li>
        </ul>
      </div>
      <div
        class="flex-grow pr-6"
      >
        <h2
          class="text-2xl font-semibold text-gray-700 mb-3"
        >
          Your temporary API key (click to copy):
        </h2>
        <div
          class="rounded bg-green-200 p-3 border border-green-400 mb-8 cursor-pointer"
        />
        <div
          class="flex"
        >
          <div
            class="mr-4"
          >
            <h5
              class="text-lg text-gray-700"
            >
              Your logs will appear below!
            </h5>
            <h5
              class="text-lg text-gray-700"
            >
              Or try logging to your phone!
            </h5>
          </div>
          <button
            class="rounded-md p-3 text-white bg-blue-500"
            type="button"
          >
            Set up phone logging
          </button>
        </div>
        <textarea
          class="w-full bg-gray-200 rounded h-full mt-6"
          readonly=""
        />
      </div>
    </div>
    <div
      class="toast-container fixed flex justify-center bottom-0"
    >
      <div
        class="toast p-2 rounded-lg bg-gray-800 text-white toast-hide"
      >
        Copied!
      </div>
    </div>
  </div>
</div>
`;
